current directory: /home/ubuntu/appointment-platform/api/vendor/bundle/ruby/3.0.0/gems/psych-5.3.1/ext/psych
/usr/bin/ruby3.0 -I /usr/lib/ruby/vendor_ruby -r ./siteconf20260123-9790-e0eb7j.rb extconf.rb
checking for yaml.h... yes
checking for yaml_get_version() in -lyaml... yes
creating Makefile

current directory: /home/ubuntu/appointment-platform/api/vendor/bundle/ruby/3.0.0/gems/psych-5.3.1/ext/psych
make DESTDIR\= clean
cd libyaml && make clean
/bin/sh: 1: cd: can't cd to libyaml
make: [Makefile:280: clean-so] Error 2 (ignored)

current directory: /home/ubuntu/appointment-platform/api/vendor/bundle/ruby/3.0.0/gems/psych-5.3.1/ext/psych
make DESTDIR\=
compiling psych.c
compiling psych_emitter.c
compiling psych_parser.c
compiling psych_to_ruby.c
compiling psych_yaml_tree.c
linking shared-object psych.so

current directory: /home/ubuntu/appointment-platform/api/vendor/bundle/ruby/3.0.0/gems/psych-5.3.1/ext/psych
make DESTDIR\= install
/usr/bin/install -c -m 0755 psych.so ./.gem.20260123-9790-6c2n39
